________________________________________________________________________________________

[ 16/05/2022 19:04:14 ][ TibiaBotCase ][ ERROR ]

> Property [id] does not exist on this collection instance.

 ---------------------------------- [ FINISH LOGGER ] ----------------------------------

________________________________________________________________________________________

[ 16/05/2022 19:04:47 ][ TibiaBotCase ][ ERROR ]

> Property [id] does not exist on this collection instance.

 ---------------------------------- [ FINISH LOGGER ] ----------------------------------

________________________________________________________________________________________

[ 16/05/2022 19:05:16 ][ TibiaBotCase ][ ERROR ]

> Property [id] does not exist on this collection instance.

 ---------------------------------- [ FINISH LOGGER ] ----------------------------------

________________________________________________________________________________________

[ 16/05/2022 19:05:49 ][ TibiaBotCase ][ ERROR ]

> Property [id] does not exist on this collection instance.

 ---------------------------------- [ FINISH LOGGER ] ----------------------------------

________________________________________________________________________________________

[ 16/05/2022 19:06:23 ][ TibiaBotCase ][ ERROR ]

> Property [id] does not exist on this collection instance.

 ---------------------------------- [ FINISH LOGGER ] ----------------------------------

________________________________________________________________________________________

[ 16/05/2022 19:06:54 ][ TibiaBotCase ][ ERROR ]

> Property [id] does not exist on this collection instance.

 ---------------------------------- [ FINISH LOGGER ] ----------------------------------

________________________________________________________________________________________

[ 16/05/2022 19:07:28 ][ TibiaBotCase ][ ERROR ]

> Property [id] does not exist on this collection instance.

 ---------------------------------- [ FINISH LOGGER ] ----------------------------------

________________________________________________________________________________________

[ 16/05/2022 19:08:05 ][ TibiaBotCase ][ ERROR ]

> Property [id] does not exist on this collection instance.

 ---------------------------------- [ FINISH LOGGER ] ----------------------------------

________________________________________________________________________________________

[ 16/05/2022 19:08:37 ][ TibiaBotCase ][ ERROR ]

> Property [id] does not exist on this collection instance.

 ---------------------------------- [ FINISH LOGGER ] ----------------------------------

________________________________________________________________________________________

[ 16/05/2022 19:09:08 ][ TibiaBotCase ][ ERROR ]

> Property [id] does not exist on this collection instance.

 ---------------------------------- [ FINISH LOGGER ] ----------------------------------

________________________________________________________________________________________

[ 16/05/2022 19:09:37 ][ TibiaBotCase ][ ERROR ]

> Property [id] does not exist on this collection instance.

 ---------------------------------- [ FINISH LOGGER ] ----------------------------------

________________________________________________________________________________________

[ 16/05/2022 19:10:08 ][ TibiaBotCase ][ ERROR ]

> Property [id] does not exist on this collection instance.

 ---------------------------------- [ FINISH LOGGER ] ----------------------------------

________________________________________________________________________________________

[ 16/05/2022 19:10:41 ][ TibiaBotCase ][ ERROR ]

> Property [id] does not exist on this collection instance.

 ---------------------------------- [ FINISH LOGGER ] ----------------------------------

________________________________________________________________________________________

[ 16/05/2022 19:11:10 ][ TibiaBotCase ][ ERROR ]

> Property [id] does not exist on this collection instance.

 ---------------------------------- [ FINISH LOGGER ] ----------------------------------

________________________________________________________________________________________

[ 16/05/2022 19:11:39 ][ TibiaBotCase ][ ERROR ]

> Property [id] does not exist on this collection instance.

 ---------------------------------- [ FINISH LOGGER ] ----------------------------------

________________________________________________________________________________________

[ 16/05/2022 19:12:08 ][ TibiaBotCase ][ ERROR ]

> Property [id] does not exist on this collection instance.

 ---------------------------------- [ FINISH LOGGER ] ----------------------------------

________________________________________________________________________________________

[ 16/05/2022 19:12:37 ][ TibiaBotCase ][ ERROR ]

> Property [id] does not exist on this collection instance.

 ---------------------------------- [ FINISH LOGGER ] ----------------------------------

________________________________________________________________________________________

[ 16/05/2022 19:13:07 ][ TibiaBotCase ][ ERROR ]

> Property [id] does not exist on this collection instance.

 ---------------------------------- [ FINISH LOGGER ] ----------------------------------

________________________________________________________________________________________

[ 16/05/2022 19:13:41 ][ TibiaBotCase ][ ERROR ]

> Property [id] does not exist on this collection instance.

 ---------------------------------- [ FINISH LOGGER ] ----------------------------------

